cpu

2x Intel(R) Xeon(R) CPU E5-2687W v3 @ 3.10GHz

10 cores per processor

2 threds per core

eg
processor       : 39
vendor_id       : GenuineIntel
cpu family      : 6
model           : 63
model name      : Intel(R) Xeon(R) CPU E5-2687W v3 @ 3.10GHz
stepping        : 2
microcode       : 0x2d
cpu MHz         : 1200.039
cache size      : 25600 KB
physical id     : 1
siblings        : 20
core id         : 12
cpu cores       : 10
apicid          : 57
initial apicid  : 57
fpu             : yes
fpu_exception   : yes
cpuid level     : 15
wp              : yes
flags           : fpu vme de pse tsc msr pae mce cx8 apic sep mtrr pge mca cmov pat pse36 clflush dts acpi mmx fxsr sse sse2 ss ht tm pbe syscall nx pdpe1gb rdtscp lm constant_tsc arch_perfmon pebs bts rep_good nopl xtopology nonstop_tsc aperfmperf eagerfpu pni pclmulqdq dtes64 monitor ds_cpl vmx smx est tm2 ssse3 fma cx16 xtpr pdcm pcid dca sse4_1 sse4_2 x2apic movbe popcnt tsc_deadline_timer xsave avx f16c rdrand lahf_lm abm ida arat epb xsaveopt pln pts dtherm tpr_shadow vnmi flexpriority ept vpid fsgsbase tsc_adjust bmi1 avx2 smep bmi2 erms invpcid
bogomips        : 6205.05
clflush size    : 64
cache_alignment : 64
address sizes   : 46 bits physical, 48 bits virtual
power management:

Architecture:          x86_64
CPU op-mode(s):        32-bit, 64-bit
Byte Order:            Little Endian
CPU(s):                40
On-line CPU(s) list:   0-39
Thread(s) per core:    2
Core(s) per socket:    10
Socket(s):             2
NUMA node(s):          2
Vendor ID:             GenuineIntel
CPU family:            6
Model:                 63
Model name:            Intel(R) Xeon(R) CPU E5-2687W v3 @ 3.10GHz
Stepping:              2
CPU MHz:               1201.371
BogoMIPS:              6205.05
Virtualization:        VT-x
L1d cache:             32K
L1i cache:             32K
L2 cache:              256K
L3 cache:              25600K
NUMA node0 CPU(s):     0-9,20-29
NUMA node1 CPU(s):     10-19,30-39

MEM

MemTotal:       131753628 kB

              total        used        free      shared  buff/cache   available
Mem:         128665        4690       44585           4       79389      123522
Swap:          4095          90        4005

disk

  8        0  976762584 sda
  8        1     204800 sda1
  8        2     512000 sda2
  8        3  976044032 sda3
  8       32  976762584 sdc
  8       33  976760832 sdc1
  8       16  976762584 sdb
  8       17  976760832 sdb1
  8       48  976762584 sdd
  8       49  976760832 sdd1
  8       64  976762584 sde
  8       65  976760832 sde1
  8       80  976762584 sdf
  8       81  976760832 sdf1
  8       96  976762584 sdg
  8       97  976760832 sdg1
  8      112  976762584 sdh
  8      113  976760832 sdh1
253        0   52428800 dm-0
253        1    4194304 dm-1
253        2 7756652544 dm-2

Filesystem               Size  Used Avail Use% Mounted on
/dev/mapper/centos-root   50G  1.5G   49G   3% /
devtmpfs                  63G     0   63G   0% /dev
tmpfs                     63G  4.0K   63G   1% /dev/shm
tmpfs                     63G   18M   63G   1% /run
tmpfs                     63G     0   63G   0% /sys/fs/cgroup
/dev/mapper/centos-home  7.3T  885G  6.4T  12% /home
/dev/sda2                497M  112M  386M  23% /boot
/dev/sda1                200M  9.8M  191M   5% /boot/efi